   Compiling tracing-core v0.1.36
   Compiling getrandom v0.2.17
   Compiling regex-automata v0.4.16
   Compiling futures-executor v0.3.33
   Compiling rand_core v0.6.4
   Compiling sharded-slab v0.1.7
   Compiling ring v0.17.14
   Compiling nu-ansi-term v0.50.3
   Compiling thread_local v1.1.10
   Compiling glob v0.3.3
   Compiling deadpool-runtime v0.1.4
   Compiling assert-json-diff v2.0.2
   Compiling tokio-stream v0.1.18
   Compiling futures v0.3.33
   Compiling rand v0.8.7
   Compiling deadpool v0.12.3
   Compiling password-hash v0.5.0
   Compiling rand_chacha v0.3.1
   Compiling tracing v0.1.44
   Compiling tracing-log v0.2.0
   Compiling h2 v0.4.15
   Compiling tower v0.5.3
   Compiling argon2 v0.5.3
   Compiling phf_generator v0.11.3
   Compiling axum-core v0.5.6
   Compiling opentelemetry v0.28.0
   Compiling opentelemetry v0.32.0
   Compiling phf_macros v0.11.3
   Compiling pluresdb-storage v3.10.3 (https://github.com/plures/pluresdb?rev=2af92b1923e11e41c9103ad8f14900b179d839f6#2af92b19)
   Compiling tower-http v0.6.11
   Compiling rustls-webpki v0.103.13
   Compiling phf v0.11.3
   Compiling rustls v0.23.42
   Compiling cron v0.17.0
   Compiling opentelemetry_sdk v0.32.1
   Compiling opentelemetry_sdk v0.28.0
   Compiling regex v1.13.1
   Compiling matchers v0.2.0
   Compiling tracing-subscriber v0.3.23
   Compiling env_filter v2.0.0
   Compiling tokenizers v0.22.2
   Compiling pares-radix-privacy v1.55.58 (C:\Projects\wt-radix-recall-op-emission\crates\privacy)
   Compiling env_logger v0.11.11
   Compiling anndists v0.1.5
   Compiling hnsw_rs v0.3.4
   Compiling hyper v1.10.1
   Compiling tracing-opentelemetry v0.29.0
   Compiling tokio-rustls v0.26.4
   Compiling ureq v3.3.0
   Compiling hyper-util v0.1.20
   Compiling hyper-tls v0.6.0
   Compiling hyper-rustls v0.27.9
   Compiling axum v0.8.9
   Compiling wiremock v0.6.5
   Compiling reqwest v0.12.28
